BL51 BANKED LINKER/LOCATER V6.22.2.0                                                    04/03/2026  11:40:46  PAGE 1


BL51 BANKED LINKER/LOCATER V6.22.2.0, INVOKED BY:
D:\WS\TEST\C51CC\_TOOLS\KEIL\C51\BIN\BL51.EXE DIV_INT.OBJ, STARTUP.OBJ, C51S.LIB TO DIV_INT.ABS


INPUT MODULES INCLUDED:
  DIV_INT.OBJ (DIV_INT)
  STARTUP.OBJ (?C_STARTUP)
  C51S.LIB (?C?SIDIV)
  C51S.LIB (?C?UIDIV)


LINK MAP OF MODULE:  DIV_INT.ABS (DIV_INT)


            TYPE    BASE      LENGTH    RELOCATION   SEGMENT NAME
            -----------------------------------------------------

            * * * * * * *   D A T A   M E M O R Y   * * * * * * *
            REG     0000H     0008H     ABSOLUTE     "REG BANK 0"
            IDATA   0008H     0001H     UNIT         ?STACK

            * * * * * * *   C O D E   M E M O R Y   * * * * * * *
            CODE    0000H     0003H     ABSOLUTE     
                    0003H     07FDH                  *** GAP ***
            CODE    0800H     008BH     UNIT         ?C?LIB_CODE
            CODE    088BH     000CH     UNIT         ?C_C51STARTUP
            CODE    0897H     0004H     UNIT         ?PR?MAIN?DIV_INT
            CODE    089BH     0003H     UNIT         ?PR?_DIV_INT?DIV_INT



SYMBOL TABLE OF MODULE:  DIV_INT.ABS (DIV_INT)

  VALUE           TYPE          NAME
  ----------------------------------

  -------         MODULE        ?C?SIDIV
  C:0800H         PUBLIC        ?C?SIDIV
  -------         ENDMOD        ?C?SIDIV

  -------         MODULE        ?C?UIDIV
  C:0836H         PUBLIC        ?C?UIDIV
  -------         ENDMOD        ?C?UIDIV

******************************************************************************
* RESTRICTED VERSION WITH 0800H BYTE CODE SIZE LIMIT; USED: 0016H BYTE ( 1%) *
******************************************************************************

Program Size: data=9.0 xdata=0 code=161
LINK/LOCATE RUN COMPLETE.  0 WARNING(S),  0 ERROR(S)
