BL51 BANKED LINKER/LOCATER V6.22.2.0                                                    04/03/2026  11:40:42  PAGE 1


BL51 BANKED LINKER/LOCATER V6.22.2.0, INVOKED BY:
D:\WS\TEST\C51CC\_TOOLS\KEIL\C51\BIN\BL51.EXE ADD_INT.OBJ, STARTUP.OBJ, C51S.LIB TO ADD_INT.ABS


INPUT MODULES INCLUDED:
  ADD_INT.OBJ (ADD_INT)
  STARTUP.OBJ (?C_STARTUP)


LINK MAP OF MODULE:  ADD_INT.ABS (ADD_INT)


            TYPE    BASE      LENGTH    RELOCATION   SEGMENT NAME
            -----------------------------------------------------

            * * * * * * *   D A T A   M E M O R Y   * * * * * * *
            REG     0000H     0008H     ABSOLUTE     "REG BANK 0"
            IDATA   0008H     0001H     UNIT         ?STACK

            * * * * * * *   C O D E   M E M O R Y   * * * * * * *
            CODE    0000H     0003H     ABSOLUTE     
                    0003H     07FDH                  *** GAP ***
            CODE    0800H     000CH     UNIT         ?C_C51STARTUP
            CODE    080CH     000BH     UNIT         ?PR?MAIN?ADD_INT
            CODE    0817H     0007H     UNIT         ?PR?_ADD_INT?ADD_INT

******************************************************************************
* RESTRICTED VERSION WITH 0800H BYTE CODE SIZE LIMIT; USED: 0021H BYTE ( 1%) *
******************************************************************************

Program Size: data=9.0 xdata=0 code=33
LINK/LOCATE RUN COMPLETE.  0 WARNING(S),  0 ERROR(S)
