ASxxxx Linker V03.00/V05.40 + sdld,  page 1.
Hexadecimal  [32-Bits]

Area                                    Addr        Size        Decimal Bytes (Attributes)
--------------------------------        ----        ----        ------- ----- ------------
CABS                                00000000    00000000 =           0. bytes (ABS,CON,CODE)

      Value  Global                              Global Defined In Module
      -----  --------------------------------   ------------------------
C:   00000000  l_BIT_BANK                      
C:   00000000  l_BSEG                          
C:   00000000  l_BSEG_BYTES                    
C:   00000000  l_CABS                          
C:   00000000  l_CONST                         
C:   00000000  l_GSINIT                        
C:   00000000  l_GSINIT1                       
C:   00000000  l_GSINIT5                       
C:   00000000  l_IABS                          
C:   00000000  l_ISEG                          
C:   00000000  l_PSEG                          
C:   00000000  l_REG_BANK_1                    
C:   00000000  l_REG_BANK_2                    
C:   00000000  l_REG_BANK_3                    
C:   00000000  l_RSEG                          
C:   00000000  l_RSEG0                         
C:   00000000  l_RSEG1                         
C:   00000000  l_XABS                          
C:   00000000  l_XINIT                         
C:   00000000  l_XISEG                         
C:   00000000  l_XSEG                          
C:   00000000  l__CODE                         
C:   00000000  s_BSEG                          
C:   00000000  s_CABS                          
C:   00000000  s_DSEG                          
C:   00000000  s_HOME                          
C:   00000000  s_IABS                          
C:   00000000  s_ISEG                          
C:   00000000  s_REG_BANK_0                    
C:   00000000  s_RSEG                          
C:   00000000  s_RSEG0                         
C:   00000000  s_RSEG1                         
C:   00000000  s_XABS                          
C:   00000001  s_PSEG                          
C:   00000001  s_XISEG                         
C:   00000001  s_XSEG                          
C:   00000002  l_OSEG                          
C:   00000003  l_GSFINAL                       
C:   00000003  l_GSINIT0                       
C:   00000008  l_REG_BANK_0                    
C:   00000008  s_REG_BANK_1                    
C:   0000000A  l_GSINIT2                       
C:   00000010  s_REG_BANK_2                    
C:   00000014  s_OSEG                          
C:   00000016  s_SSEG                          
C:   00000018  s_BIT_BANK                      
C:   00000018  s_REG_BANK_3                    
C:   00000020  s_BSEG_BYTES                    
C:   00000020  s__CODE                         
C:   00000022  l_GSINIT3                       
ASxxxx Linker V03.00/V05.40 + sdld,  page 2.
Hexadecimal  [32-Bits]

Area                                    Addr        Size        Decimal Bytes (Attributes)
--------------------------------        ----        ----        ------- ----- ------------
CABS                                00000000    00000000 =           0. bytes (ABS,CON,CODE)

      Value  Global                              Global Defined In Module
      -----  --------------------------------   ------------------------
C:   0000002A  l_GSINIT4                       
C:   0000004C  l_HOME                          
C:   0000004C  s_GSINIT0                       
C:   0000004F  s_GSINIT1                       
C:   0000004F  s_GSINIT2                       
C:   00000059  s_GSINIT3                       
C:   0000007B  s_GSINIT4                       
C:   00000080  l_DSEG                          
C:   000000A5  s_GSFINAL                       
C:   000000A5  s_GSINIT                        
C:   000000A5  s_GSINIT5                       
C:   000000A8  s_CSEG                          
C:   000000EA  l_SSEG                          
C:   00000100  l_IRAM                          
C:   00000228  l_CSEG                          
C:   000002D0  s_CONST                         
C:   000002D0  s_XINIT                         

ASxxxx Linker V03.00/V05.40 + sdld,  page 3.
Hexadecimal  [32-Bits]

Area                                    Addr        Size        Decimal Bytes (Attributes)
--------------------------------        ----        ----        ------- ----- ------------
.  .ABS.                            00000000    00000000 =           0. bytes (ABS,CON)

      Value  Global                              Global Defined In Module
      -----  --------------------------------   ------------------------
     00000000  .__.ABS.                           _startup
     000000A0  __XPAGE                            

ASxxxx Linker V03.00/V05.40 + sdld,  page 4.
Hexadecimal  [32-Bits]

Area                                    Addr        Size        Decimal Bytes (Attributes)
--------------------------------        ----        ----        ------- ----- ------------
REG_BANK_0                          00000000    00000008 =           8. bytes (REL,OVR)

      Value  Global                              Global Defined In Module
      -----  --------------------------------   ------------------------
ASxxxx Linker V03.00/V05.40 + sdld,  page 5.
Hexadecimal  [32-Bits]

Area                                    Addr        Size        Decimal Bytes (Attributes)
--------------------------------        ----        ----        ------- ----- ------------
DSEG                                00000000    00000080 =         128. bytes (REL,CON)

      Value  Global                              Global Defined In Module
      -----  --------------------------------   ------------------------
     00000008  _mul_signed_PARM_2                 arith_ext_int
     0000000A  _mul_unsigned_PARM_2               arith_ext_int
     0000000C  _div_signed_PARM_2                 arith_ext_int
     0000000E  _mod_signed_PARM_2                 arith_ext_int
     00000010  _div_unsigned_PARM_2               arith_ext_int
     00000012  _mod_unsigned_PARM_2               arith_ext_int
ASxxxx Linker V03.00/V05.40 + sdld,  page 6.
Hexadecimal  [32-Bits]

Area                                    Addr        Size        Decimal Bytes (Attributes)
--------------------------------        ----        ----        ------- ----- ------------
OSEG                                00000014    00000002 =           2. bytes (REL,OVR)

      Value  Global                              Global Defined In Module
      -----  --------------------------------   ------------------------
     00000014  __divsint_PARM_2                   _divuint
     00000014  __divuint_PARM_2                   _divuint
     00000014  __modsint_PARM_2                   _moduint
     00000014  __moduint_PARM_2                   _moduint
     00000014  __mulint_PARM_2                    _mulint
     00000014  _add_overflow_signed_PARM_2        arith_ext_int
     00000014  _add_overflow_unsigned_PARM_2      arith_ext_int
     00000014  _mixed_signed_unsigned_PARM_2      arith_ext_int
     00000014  _mixed_unsigned_signed_PARM_2      arith_ext_int
     00000014  _shl_int_PARM_2                    arith_ext_int
     00000014  _shr_signed_PARM_2                 arith_ext_int
     00000014  _shr_unsigned_PARM_2               arith_ext_int
     00000014  _sub_borrow_signed_PARM_2          arith_ext_int
     00000014  _sub_borrow_unsigned_PARM_2        arith_ext_int

ASxxxx Linker V03.00/V05.40 + sdld,  page 7.
Hexadecimal  [32-Bits]

Area                                    Addr        Size        Decimal Bytes (Attributes)
--------------------------------        ----        ----        ------- ----- ------------
SSEG                                00000016    000000EA =         234. bytes (REL,OVR)

      Value  Global                              Global Defined In Module
      -----  --------------------------------   ------------------------
     00000016  __start__stack                     arith_ext_int

ASxxxx Linker V03.00/V05.40 + sdld,  page 8.
Hexadecimal  [32-Bits]

Area                                    Addr        Size        Decimal Bytes (Attributes)
--------------------------------        ----        ----        ------- ----- ------------
HOME                                00000000    0000004C =          76. bytes (REL,CON,CODE)

      Value  Global                              Global Defined In Module
      -----  --------------------------------   ------------------------
C:   00000008  sdcc_atomic_exchange_rollback_st   arith_ext_int
C:   0000002F  sdcc_atomic_exchange_gptr_impl     arith_ext_int
C:   0000002F  sdcc_atomic_exchange_rollback_en   arith_ext_int
C:   0000003F  sdcc_atomic_compare_exchange_gpt   arith_ext_int
C:   00000049  __sdcc_program_startup             arith_ext_int

ASxxxx Linker V03.00/V05.40 + sdld,  page 9.
Hexadecimal  [32-Bits]

Area                                    Addr        Size        Decimal Bytes (Attributes)
--------------------------------        ----        ----        ------- ----- ------------
GSINIT0                             0000004C    00000003 =           3. bytes (REL,CON,CODE)

      Value  Global                              Global Defined In Module
      -----  --------------------------------   ------------------------
C:   0000004C  __sdcc_gsinit_startup              

ASxxxx Linker V03.00/V05.40 + sdld,  page 10.
Hexadecimal  [32-Bits]

Area                                    Addr        Size        Decimal Bytes (Attributes)
--------------------------------        ----        ----        ------- ----- ------------
GSINIT2                             0000004F    0000000A =          10. bytes (REL,CON,CODE)

      Value  Global                              Global Defined In Module
      -----  --------------------------------   ------------------------
ASxxxx Linker V03.00/V05.40 + sdld,  page 11.
Hexadecimal  [32-Bits]

Area                                    Addr        Size        Decimal Bytes (Attributes)
--------------------------------        ----        ----        ------- ----- ------------
GSINIT3                             00000059    00000022 =          34. bytes (REL,CON,CODE)

      Value  Global                              Global Defined In Module
      -----  --------------------------------   ------------------------
C:   00000059  __mcs51_genXINIT                   

ASxxxx Linker V03.00/V05.40 + sdld,  page 12.
Hexadecimal  [32-Bits]

Area                                    Addr        Size        Decimal Bytes (Attributes)
--------------------------------        ----        ----        ------- ----- ------------
GSINIT4                             0000007B    0000002A =          42. bytes (REL,CON,CODE)

      Value  Global                              Global Defined In Module
      -----  --------------------------------   ------------------------
C:   0000007B  __mcs51_genRAMCLEAR                
C:   00000081  __mcs51_genXRAMCLEAR               

ASxxxx Linker V03.00/V05.40 + sdld,  page 13.
Hexadecimal  [32-Bits]

Area                                    Addr        Size        Decimal Bytes (Attributes)
--------------------------------        ----        ----        ------- ----- ------------
GSFINAL                             000000A5    00000003 =           3. bytes (REL,CON,CODE)

      Value  Global                              Global Defined In Module
      -----  --------------------------------   ------------------------
ASxxxx Linker V03.00/V05.40 + sdld,  page 14.
Hexadecimal  [32-Bits]

Area                                    Addr        Size        Decimal Bytes (Attributes)
--------------------------------        ----        ----        ------- ----- ------------
CSEG                                000000A8    00000228 =         552. bytes (REL,CON,CODE)

      Value  Global                              Global Defined In Module
      -----  --------------------------------   ------------------------
C:   000000A8  _add_overflow_signed               arith_ext_int
C:   000000B7  _add_overflow_unsigned             arith_ext_int
C:   000000C6  _add_with_const                    arith_ext_int
C:   000000D5  _addu_with_const                   arith_ext_int
C:   000000E4  _sub_borrow_signed                 arith_ext_int
C:   000000F4  _sub_borrow_unsigned               arith_ext_int
C:   00000104  _mul_signed                        arith_ext_int
C:   0000010D  _mul_unsigned                      arith_ext_int
C:   00000116  _div_signed                        arith_ext_int
C:   0000011F  _mod_signed                        arith_ext_int
C:   00000128  _div_unsigned                      arith_ext_int
C:   00000131  _mod_unsigned                      arith_ext_int
C:   0000013A  _shl_int                           arith_ext_int
C:   0000015A  _shr_signed                        arith_ext_int
C:   0000017F  _shr_unsigned                      arith_ext_int
C:   0000019F  _mixed_signed_unsigned             arith_ext_int
C:   000001AE  _mixed_unsigned_signed             arith_ext_int
C:   000001BF  _add_min_max                       arith_ext_int
C:   000001C3  _sub_min_max                       arith_ext_int
C:   000001C7  _main                              arith_ext_int
C:   000001CB  __divuint                          _divuint
C:   000001F4  __mulint                           _mulint
C:   000001F4  __mulint_dummy                     _mulint
C:   00000211  __moduint                          _moduint
C:   0000025E  __modsint                          _modsint
C:   00000294  __divsint                          _divsint
C:   000002CC  ___sdcc_external_startup           _startup
ASxxxx Linker V03.00/V05.40 + sdld,  page 15.

Files Linked                              [ module(s) ]

arith_ext_int.rel                         [  ]


Libraries Linked                          [ object file ]

D:\ws\test\C51CC\_tools\sdcc\bin\..\lib\small/libint.lib
                                          [ _divuint.rel ]
D:\ws\test\C51CC\_tools\sdcc\bin\..\lib\small/mcs51.lib
                                          [ crtclear.rel ]
D:\ws\test\C51CC\_tools\sdcc\bin\..\lib\small/mcs51.lib
                                          [ crtxinit.rel ]
D:\ws\test\C51CC\_tools\sdcc\bin\..\lib\small/libint.lib
                                          [ _mulint.rel ]
D:\ws\test\C51CC\_tools\sdcc\bin\..\lib\small/libint.lib
                                          [ _moduint.rel ]
D:\ws\test\C51CC\_tools\sdcc\bin\..\lib\small/mcs51.lib
                                          [ crtxclear.rel ]
D:\ws\test\C51CC\_tools\sdcc\bin\..\lib\small/mcs51.lib
                                          [ crtpagesfr.rel ]
D:\ws\test\C51CC\_tools\sdcc\bin\..\lib\small/mcs51.lib
                                          [ crtstart.rel ]
D:\ws\test\C51CC\_tools\sdcc\bin\..\lib\small/libint.lib
                                          [ _modsint.rel ]
D:\ws\test\C51CC\_tools\sdcc\bin\..\lib\small/libint.lib
                                          [ _divsint.rel ]
D:\ws\test\C51CC\_tools\sdcc\bin\..\lib\small/libsdcc.lib
                                          [ _startup.rel ]

ASxxxx Linker V03.00/V05.40 + sdld,  page 16.

User Base Address Definitions

HOME = 0x0000
XSEG = 0x0001
PSEG = 0x0001
ISEG = 0x0000
BSEG = 0x0000

