C251 COMPILER V5.60.0,  0003-local                                                         10/08/26  14:44:51  PAGE 1   


C251 COMPILER V5.60.0, COMPILATION OF MODULE 0003-local
OBJECT MODULE PLACED IN D:\work\tinycc_c251\tmp\hexcmp\tmp.obj
COMPILER INVOKED BY: C:\Keil_v5\C251\BIN\C251.EXE D:\work\tinycc_c251\tests\execute\0003-local.c MODSRC OPTIMIZE(9,SIZE)
                    - OBJECT(D:\work\tinycc_c251\tmp\hexcmp\tmp.obj) 

stmt  level    source

    1          
    2          
    3          int
    4          main()
    5          {
    6   1              int x;
    7   1              
    8   1              x = 4;
    9   1              return x - 4;
   10   1      }


Module Information          Static   Overlayable
------------------------------------------------
  code size            =         3     ------
  ecode size           =    ------     ------
  data size            =    ------     ------
  idata size           =    ------     ------
  pdata size           =    ------     ------
  xdata size           =    ------     ------
  xdata-const size     =    ------     ------
  edata size           =    ------     ------
  bit size             =    ------     ------
  ebit size            =    ------     ------
  bitaddressable size  =    ------     ------
  ebitaddressable size =    ------     ------
  far data size        =    ------     ------
  huge data size       =    ------     ------
  const size           =    ------     ------
  hconst size          =    ------     ------
End of Module Information.


C251 COMPILATION COMPLETE.  0 WARNING(S),  0 ERROR(S)
