C251 COMPILER V5.60.0,  0016-addrarray                                                     10/08/26  14:44:54  PAGE 1   


C251 COMPILER V5.60.0, COMPILATION OF MODULE 0016-addrarray
OBJECT MODULE PLACED IN D:\work\tinycc_c251\tmp\hexcmp\tmp.obj
COMPILER INVOKED BY: C:\Keil_v5\C251\BIN\C251.EXE D:\work\tinycc_c251\tests\execute\0016-addrarray.c MODSRC OPTIMIZE(9,S
                    -IZE) OBJECT(D:\work\tinycc_c251\tmp\hexcmp\tmp.obj) 

stmt  level    source

    1          int
    2          main()
    3          {
    4   1              int arr[2];
    5   1              int *p;
    6   1              
    7   1              p = &arr[1];
    8   1              *p = 0;
    9   1              return arr[1];
   10   1      }


Module Information          Static   Overlayable
------------------------------------------------
  code size            =        13     ------
  ecode size           =    ------     ------
  data size            =    ------          4
  idata size           =    ------     ------
  pdata size           =    ------     ------
  xdata size           =    ------     ------
  xdata-const size     =    ------     ------
  edata size           =    ------     ------
  bit size             =    ------     ------
  ebit size            =    ------     ------
  bitaddressable size  =    ------     ------
  ebitaddressable size =    ------     ------
  far data size        =    ------     ------
  huge data size       =    ------     ------
  const size           =    ------     ------
  hconst size          =    ------     ------
End of Module Information.


C251 COMPILATION COMPLETE.  0 WARNING(S),  0 ERROR(S)
