C251 COMPILER V5.60.0,  0017-struct                                                        10/08/26  14:44:54  PAGE 1   


C251 COMPILER V5.60.0, COMPILATION OF MODULE 0017-struct
OBJECT MODULE PLACED IN D:\work\tinycc_c251\tmp\hexcmp\tmp.obj
COMPILER INVOKED BY: C:\Keil_v5\C251\BIN\C251.EXE D:\work\tinycc_c251\tests\execute\0017-struct.c MODSRC OPTIMIZE(9,SIZE
                    -) OBJECT(D:\work\tinycc_c251\tmp\hexcmp\tmp.obj) 

stmt  level    source

    1          
    2          
    3          int
    4          main()
    5          {
    6   1              struct { int x; int y; } s;
    7   1              
    8   1              s.x = 3;
    9   1              s.y = 5;
   10   1              return s.y - s.x - 2; 
   11   1      }


Module Information          Static   Overlayable
------------------------------------------------
  code size            =        20     ------
  ecode size           =    ------     ------
  data size            =    ------          4
  idata size           =    ------     ------
  pdata size           =    ------     ------
  xdata size           =    ------     ------
  xdata-const size     =    ------     ------
  edata size           =    ------     ------
  bit size             =    ------     ------
  ebit size            =    ------     ------
  bitaddressable size  =    ------     ------
  ebitaddressable size =    ------     ------
  far data size        =    ------     ------
  huge data size       =    ------     ------
  const size           =    ------     ------
  hconst size          =    ------     ------
End of Module Information.


C251 COMPILATION COMPLETE.  0 WARNING(S),  0 ERROR(S)
