C251 COMPILER V5.60.0,  0042-prime                                                         10/08/26  14:45:00  PAGE 1   


C251 COMPILER V5.60.0, COMPILATION OF MODULE 0042-prime
OBJECT MODULE PLACED IN D:\work\tinycc_c251\tmp\hexcmp\tmp.obj
COMPILER INVOKED BY: C:\Keil_v5\C251\BIN\C251.EXE D:\work\tinycc_c251\tests\execute\0042-prime.c MODSRC OPTIMIZE(9,SIZE)
                    - OBJECT(D:\work\tinycc_c251\tmp\hexcmp\tmp.obj) 

stmt  level    source

    1          
    2          int
    3          main() {
    4   1              int n;
    5   1              int t;
    6   1              int c;
    7   1              int p;
    8   1      
    9   1              c = 0;
   10   1              n = 2;
   11   1              while (n < 5000) {
   12   2                      t = 2;
   13   2                      p = 1;
   14   2                      while (t*t <= n) {
   15   3                              if (n % t == 0)
   16   3                                      p = 0;
   17   3                              t++;
   18   3                      }
   19   2                      n++;
   20   2                      if (p)
   21   2                              c++;
   22   2              }
   23   1              if (c != 669)
   24   1                      return 1;
   25   1              return 0;
   26   1      }
   27          


Module Information          Static   Overlayable
------------------------------------------------
  code size            =        69     ------
  ecode size           =    ------     ------
  data size            =    ------     ------
  idata size           =    ------     ------
  pdata size           =    ------     ------
  xdata size           =    ------     ------
  xdata-const size     =    ------     ------
  edata size           =    ------     ------
  bit size             =    ------     ------
  ebit size            =    ------     ------
  bitaddressable size  =    ------     ------
  ebitaddressable size =    ------     ------
  far data size        =    ------     ------
  huge data size       =    ------     ------
  const size           =    ------     ------
  hconst size          =    ------     ------
End of Module Information.


C251 COMPILATION COMPLETE.  0 WARNING(S),  0 ERROR(S)
