C251 COMPILER V5.60.0,  0054-struct                                                        10/08/26  14:45:02  PAGE 1   


C251 COMPILER V5.60.0, COMPILATION OF MODULE 0054-struct
OBJECT MODULE PLACED IN D:\work\tinycc_c251\tmp\hexcmp\tmp.obj
COMPILER INVOKED BY: C:\Keil_v5\C251\BIN\C251.EXE D:\work\tinycc_c251\tests\execute\0054-struct.c MODSRC OPTIMIZE(9,SIZE
                    -) OBJECT(D:\work\tinycc_c251\tmp\hexcmp\tmp.obj) 

stmt  level    source

    1          
    2          int
    3          main()
    4          {
    5   1              struct T { int x; } s1;
    6   1              s1.x = 1;
    7   1              {
    8   2                      struct T { int y; } s2;
    9   2                      s2.y = 1;
   10   2                      if (s1.x - s2.y != 0)
   11   2                              return 1;
   12   2              }
   13   1              return 0;
   14   1      }


Module Information          Static   Overlayable
------------------------------------------------
  code size            =        23     ------
  ecode size           =    ------     ------
  data size            =    ------          4
  idata size           =    ------     ------
  pdata size           =    ------     ------
  xdata size           =    ------     ------
  xdata-const size     =    ------     ------
  edata size           =    ------     ------
  bit size             =    ------     ------
  ebit size            =    ------     ------
  bitaddressable size  =    ------     ------
  ebitaddressable size =    ------     ------
  far data size        =    ------     ------
  huge data size       =    ------     ------
  const size           =    ------     ------
  hconst size          =    ------     ------
End of Module Information.


C251 COMPILATION COMPLETE.  0 WARNING(S),  0 ERROR(S)
