C251 COMPILER V5.60.0,  0055-enum                                                          10/08/26  14:45:02  PAGE 1   


C251 COMPILER V5.60.0, COMPILATION OF MODULE 0055-enum
OBJECT MODULE PLACED IN D:\work\tinycc_c251\tmp\hexcmp\tmp.obj
COMPILER INVOKED BY: C:\Keil_v5\C251\BIN\C251.EXE D:\work\tinycc_c251\tests\execute\0055-enum.c MODSRC OPTIMIZE(9,SIZE) 
                    -OBJECT(D:\work\tinycc_c251\tmp\hexcmp\tmp.obj) 

stmt  level    source

    1          
    2          enum E {
    3                  x,
    4                  y,
    5                  z,
    6          };
    7          
    8          int
    9          main()
   10          {
   11   1              enum E e;
   12   1      
   13   1              if(x != 0)
   14   1                      return 1;
   15   1              if(y != 1)
   16   1                      return 2;
   17   1              if(z != 2)
   18   1                      return 3;
   19   1              
   20   1              e = x;
   21   1              return e;
   22   1      }
   23          


Module Information          Static   Overlayable
------------------------------------------------
  code size            =         3     ------
  ecode size           =    ------     ------
  data size            =    ------     ------
  idata size           =    ------     ------
  pdata size           =    ------     ------
  xdata size           =    ------     ------
  xdata-const size     =    ------     ------
  edata size           =    ------     ------
  bit size             =    ------     ------
  ebit size            =    ------     ------
  bitaddressable size  =    ------     ------
  ebitaddressable size =    ------     ------
  far data size        =    ------     ------
  huge data size       =    ------     ------
  const size           =    ------     ------
  hconst size          =    ------     ------
End of Module Information.


C251 COMPILATION COMPLETE.  0 WARNING(S),  0 ERROR(S)
