                                      1 ;--------------------------------------------------------
                                      2 ; File Created by SDCC : free open source ISO C Compiler
                                      3 ; Version 4.5.0 #15242 (MINGW64)
                                      4 ;--------------------------------------------------------
                                      5 	.module cmp_mix_branch
                                      6 	
                                      7 	.optsdcc -mmcs51 --model-small
                                      8 ;--------------------------------------------------------
                                      9 ; Public variables in this module
                                     10 ;--------------------------------------------------------
                                     11 	.globl _main
                                     12 	.globl _loop_lt
                                     13 	.globl _b_ne
                                     14 	.globl _b_eq
                                     15 	.globl _b_le
                                     16 	.globl _b_lt
                                     17 ;--------------------------------------------------------
                                     18 ; special function registers
                                     19 ;--------------------------------------------------------
                                     20 	.area RSEG    (ABS,DATA)
      000000                         21 	.org 0x0000
                                     22 ;--------------------------------------------------------
                                     23 ; special function bits
                                     24 ;--------------------------------------------------------
                                     25 	.area RSEG    (ABS,DATA)
      000000                         26 	.org 0x0000
                                     27 ;--------------------------------------------------------
                                     28 ; overlayable register banks
                                     29 ;--------------------------------------------------------
                                     30 	.area REG_BANK_0	(REL,OVR,DATA)
      000000                         31 	.ds 8
                                     32 ;--------------------------------------------------------
                                     33 ; internal ram data
                                     34 ;--------------------------------------------------------
                                     35 	.area DSEG    (DATA)
                                     36 ;--------------------------------------------------------
                                     37 ; overlayable items in internal ram
                                     38 ;--------------------------------------------------------
                                     39 	.area	OSEG    (OVR,DATA)
                                     40 	.area	OSEG    (OVR,DATA)
                                     41 	.area	OSEG    (OVR,DATA)
                                     42 	.area	OSEG    (OVR,DATA)
                                     43 	.area	OSEG    (OVR,DATA)
                                     44 ;--------------------------------------------------------
                                     45 ; Stack segment in internal ram
                                     46 ;--------------------------------------------------------
                                     47 	.area SSEG
      000000                         48 __start__stack:
      000000                         49 	.ds	1
                                     50 
                                     51 ;--------------------------------------------------------
                                     52 ; indirectly addressable internal ram data
                                     53 ;--------------------------------------------------------
                                     54 	.area ISEG    (DATA)
                                     55 ;--------------------------------------------------------
                                     56 ; absolute internal ram data
                                     57 ;--------------------------------------------------------
                                     58 	.area IABS    (ABS,DATA)
                                     59 	.area IABS    (ABS,DATA)
                                     60 ;--------------------------------------------------------
                                     61 ; bit data
                                     62 ;--------------------------------------------------------
                                     63 	.area BSEG    (BIT)
                                     64 ;--------------------------------------------------------
                                     65 ; paged external ram data
                                     66 ;--------------------------------------------------------
                                     67 	.area PSEG    (PAG,XDATA)
                                     68 ;--------------------------------------------------------
                                     69 ; uninitialized external ram data
                                     70 ;--------------------------------------------------------
                                     71 	.area XSEG    (XDATA)
                                     72 ;--------------------------------------------------------
                                     73 ; absolute external ram data
                                     74 ;--------------------------------------------------------
                                     75 	.area XABS    (ABS,XDATA)
                                     76 ;--------------------------------------------------------
                                     77 ; initialized external ram data
                                     78 ;--------------------------------------------------------
                                     79 	.area XISEG   (XDATA)
                                     80 	.area HOME    (CODE)
                                     81 	.area GSINIT0 (CODE)
                                     82 	.area GSINIT1 (CODE)
                                     83 	.area GSINIT2 (CODE)
                                     84 	.area GSINIT3 (CODE)
                                     85 	.area GSINIT4 (CODE)
                                     86 	.area GSINIT5 (CODE)
                                     87 	.area GSINIT  (CODE)
                                     88 	.area GSFINAL (CODE)
                                     89 	.area CSEG    (CODE)
                                     90 ;--------------------------------------------------------
                                     91 ; interrupt vector
                                     92 ;--------------------------------------------------------
                                     93 	.area HOME    (CODE)
      000000                         94 __interrupt_vect:
      000000 02r00r00         [24]   95 	ljmp	__sdcc_gsinit_startup
                                     96 ; restartable atomic support routines
      000003                         97 	.ds	5
      000008                         98 sdcc_atomic_exchange_rollback_start::
      000008 00               [12]   99 	nop
      000009 00               [12]  100 	nop
      00000A                        101 sdcc_atomic_exchange_pdata_impl:
      00000A E2               [24]  102 	movx	a, @r0
      00000B FB               [12]  103 	mov	r3, a
      00000C EA               [12]  104 	mov	a, r2
      00000D F2               [24]  105 	movx	@r0, a
      00000E 80 2C            [24]  106 	sjmp	sdcc_atomic_exchange_exit
      000010 00               [12]  107 	nop
      000011 00               [12]  108 	nop
      000012                        109 sdcc_atomic_exchange_xdata_impl:
      000012 E0               [24]  110 	movx	a, @dptr
      000013 FB               [12]  111 	mov	r3, a
      000014 EA               [12]  112 	mov	a, r2
      000015 F0               [24]  113 	movx	@dptr, a
      000016 80 24            [24]  114 	sjmp	sdcc_atomic_exchange_exit
      000018                        115 sdcc_atomic_compare_exchange_idata_impl:
      000018 E6               [12]  116 	mov	a, @r0
      000019 B5 02 02         [24]  117 	cjne	a, ar2, .+#5
      00001C EB               [12]  118 	mov	a, r3
      00001D F6               [12]  119 	mov	@r0, a
      00001E 22               [24]  120 	ret
      00001F 00               [12]  121 	nop
      000020                        122 sdcc_atomic_compare_exchange_pdata_impl:
      000020 E2               [24]  123 	movx	a, @r0
      000021 B5 02 02         [24]  124 	cjne	a, ar2, .+#5
      000024 EB               [12]  125 	mov	a, r3
      000025 F2               [24]  126 	movx	@r0, a
      000026 22               [24]  127 	ret
      000027 00               [12]  128 	nop
      000028                        129 sdcc_atomic_compare_exchange_xdata_impl:
      000028 E0               [24]  130 	movx	a, @dptr
      000029 B5 02 02         [24]  131 	cjne	a, ar2, .+#5
      00002C EB               [12]  132 	mov	a, r3
      00002D F0               [24]  133 	movx	@dptr, a
      00002E 22               [24]  134 	ret
      00002F                        135 sdcc_atomic_exchange_rollback_end::
                                    136 
      00002F                        137 sdcc_atomic_exchange_gptr_impl::
      00002F 30 F6 E0         [24]  138 	jnb	b.6, sdcc_atomic_exchange_xdata_impl
      000032 A8 82            [24]  139 	mov	r0, dpl
      000034 20 F5 D3         [24]  140 	jb	b.5, sdcc_atomic_exchange_pdata_impl
      000037                        141 sdcc_atomic_exchange_idata_impl:
      000037 EA               [12]  142 	mov	a, r2
      000038 C6               [12]  143 	xch	a, @r0
      000039 F5 82            [12]  144 	mov	dpl, a
      00003B 22               [24]  145 	ret
      00003C                        146 sdcc_atomic_exchange_exit:
      00003C 8B 82            [24]  147 	mov	dpl, r3
      00003E 22               [24]  148 	ret
      00003F                        149 sdcc_atomic_compare_exchange_gptr_impl::
      00003F 30 F6 E6         [24]  150 	jnb	b.6, sdcc_atomic_compare_exchange_xdata_impl
      000042 A8 82            [24]  151 	mov	r0, dpl
      000044 20 F5 D9         [24]  152 	jb	b.5, sdcc_atomic_compare_exchange_pdata_impl
      000047 80 CF            [24]  153 	sjmp	sdcc_atomic_compare_exchange_idata_impl
                                    154 ;--------------------------------------------------------
                                    155 ; global & static initialisations
                                    156 ;--------------------------------------------------------
                                    157 	.area HOME    (CODE)
                                    158 	.area GSINIT  (CODE)
                                    159 	.area GSFINAL (CODE)
                                    160 	.area GSINIT  (CODE)
                                    161 	.globl __sdcc_gsinit_startup
                                    162 	.globl __sdcc_program_startup
                                    163 	.globl __start__stack
                                    164 	.globl __mcs51_genXINIT
                                    165 	.globl __mcs51_genXRAMCLEAR
                                    166 	.globl __mcs51_genRAMCLEAR
                                    167 	.area GSFINAL (CODE)
      000000 02r00r49         [24]  168 	ljmp	__sdcc_program_startup
                                    169 ;--------------------------------------------------------
                                    170 ; Home
                                    171 ;--------------------------------------------------------
                                    172 	.area HOME    (CODE)
                                    173 	.area HOME    (CODE)
      000049                        174 __sdcc_program_startup:
      000049 02r00r4C         [24]  175 	ljmp	_main
                                    176 ;	return from main will return to caller
                                    177 ;--------------------------------------------------------
                                    178 ; code
                                    179 ;--------------------------------------------------------
                                    180 	.area CSEG    (CODE)
                                    181 ;------------------------------------------------------------
                                    182 ;Allocation info for local variables in function 'b_lt'
                                    183 ;------------------------------------------------------------
                                    184 ;i             Allocated to registers r7 
                                    185 ;------------------------------------------------------------
                                    186 ;	cmp_mix_branch.c:4: u8 b_lt(u8 i) {
                                    187 ;	-----------------------------------------
                                    188 ;	 function b_lt
                                    189 ;	-----------------------------------------
      000000                        190 _b_lt:
                           000007   191 	ar7 = 0x07
                           000006   192 	ar6 = 0x06
                           000005   193 	ar5 = 0x05
                           000004   194 	ar4 = 0x04
                           000003   195 	ar3 = 0x03
                           000002   196 	ar2 = 0x02
                           000001   197 	ar1 = 0x01
                           000000   198 	ar0 = 0x00
      000000 AF 82            [24]  199 	mov	r7, dpl
                                    200 ;	cmp_mix_branch.c:5: if ((u16)i < 8) return 1;
      000002 BF 08 00         [24]  201 	cjne	r7,#0x08,00111$
      000005                        202 00111$:
      000005 50 04            [24]  203 	jnc	00102$
      000007 75 82 01         [24]  204 	mov	dpl, #0x01
      00000A 22               [24]  205 	ret
      00000B                        206 00102$:
                                    207 ;	cmp_mix_branch.c:6: return 0;
      00000B 75 82 00         [24]  208 	mov	dpl, #0x00
                                    209 ;	cmp_mix_branch.c:7: }
      00000E 22               [24]  210 	ret
                                    211 ;------------------------------------------------------------
                                    212 ;Allocation info for local variables in function 'b_le'
                                    213 ;------------------------------------------------------------
                                    214 ;i             Allocated to registers r7 
                                    215 ;------------------------------------------------------------
                                    216 ;	cmp_mix_branch.c:9: u8 b_le(u8 i) {
                                    217 ;	-----------------------------------------
                                    218 ;	 function b_le
                                    219 ;	-----------------------------------------
      00000F                        220 _b_le:
                                    221 ;	cmp_mix_branch.c:10: if ((u16)i <= 8) return 1;
      00000F E5 82            [12]  222 	mov	a,dpl
      000011 24 F7            [12]  223 	add	a,#0xff - 0x08
      000013 40 04            [24]  224 	jc	00102$
      000015 75 82 01         [24]  225 	mov	dpl, #0x01
      000018 22               [24]  226 	ret
      000019                        227 00102$:
                                    228 ;	cmp_mix_branch.c:11: return 0;
      000019 75 82 00         [24]  229 	mov	dpl, #0x00
                                    230 ;	cmp_mix_branch.c:12: }
      00001C 22               [24]  231 	ret
                                    232 ;------------------------------------------------------------
                                    233 ;Allocation info for local variables in function 'b_eq'
                                    234 ;------------------------------------------------------------
                                    235 ;i             Allocated to registers r7 
                                    236 ;------------------------------------------------------------
                                    237 ;	cmp_mix_branch.c:14: u8 b_eq(u8 i) {
                                    238 ;	-----------------------------------------
                                    239 ;	 function b_eq
                                    240 ;	-----------------------------------------
      00001D                        241 _b_eq:
      00001D AF 82            [24]  242 	mov	r7, dpl
                                    243 ;	cmp_mix_branch.c:15: if ((u16)i == 3) return 1;
      00001F BF 03 04         [24]  244 	cjne	r7,#0x03,00102$
      000022 75 82 01         [24]  245 	mov	dpl, #0x01
      000025 22               [24]  246 	ret
      000026                        247 00102$:
                                    248 ;	cmp_mix_branch.c:16: return 0;
      000026 75 82 00         [24]  249 	mov	dpl, #0x00
                                    250 ;	cmp_mix_branch.c:17: }
      000029 22               [24]  251 	ret
                                    252 ;------------------------------------------------------------
                                    253 ;Allocation info for local variables in function 'b_ne'
                                    254 ;------------------------------------------------------------
                                    255 ;i             Allocated to registers r7 
                                    256 ;------------------------------------------------------------
                                    257 ;	cmp_mix_branch.c:19: u8 b_ne(u8 i) {
                                    258 ;	-----------------------------------------
                                    259 ;	 function b_ne
                                    260 ;	-----------------------------------------
      00002A                        261 _b_ne:
      00002A AF 82            [24]  262 	mov	r7, dpl
                                    263 ;	cmp_mix_branch.c:20: if ((u16)i != 3) return 1;
      00002C BF 03 02         [24]  264 	cjne	r7,#0x03,00111$
      00002F 80 04            [24]  265 	sjmp	00102$
      000031                        266 00111$:
      000031 75 82 01         [24]  267 	mov	dpl, #0x01
      000034 22               [24]  268 	ret
      000035                        269 00102$:
                                    270 ;	cmp_mix_branch.c:21: return 0;
      000035 75 82 00         [24]  271 	mov	dpl, #0x00
                                    272 ;	cmp_mix_branch.c:22: }
      000038 22               [24]  273 	ret
                                    274 ;------------------------------------------------------------
                                    275 ;Allocation info for local variables in function 'loop_lt'
                                    276 ;------------------------------------------------------------
                                    277 ;start         Allocated to registers 
                                    278 ;i             Allocated to registers r7 
                                    279 ;------------------------------------------------------------
                                    280 ;	cmp_mix_branch.c:24: u8 loop_lt(u8 start) {
                                    281 ;	-----------------------------------------
                                    282 ;	 function loop_lt
                                    283 ;	-----------------------------------------
      000039                        284 _loop_lt:
      000039 AF 82            [24]  285 	mov	r7, dpl
                                    286 ;	cmp_mix_branch.c:26: while ((u16)i < 8) {
      00003B                        287 00101$:
      00003B 8F 06            [24]  288 	mov	ar6,r7
      00003D BE 08 00         [24]  289 	cjne	r6,#0x08,00118$
      000040                        290 00118$:
      000040 50 07            [24]  291 	jnc	00103$
                                    292 ;	cmp_mix_branch.c:27: i = i + 1;
      000042 8F 06            [24]  293 	mov	ar6,r7
      000044 EE               [12]  294 	mov	a,r6
      000045 04               [12]  295 	inc	a
      000046 FF               [12]  296 	mov	r7,a
      000047 80 F2            [24]  297 	sjmp	00101$
      000049                        298 00103$:
                                    299 ;	cmp_mix_branch.c:29: return i;
      000049 8F 82            [24]  300 	mov	dpl, r7
                                    301 ;	cmp_mix_branch.c:30: }
      00004B 22               [24]  302 	ret
                                    303 ;------------------------------------------------------------
                                    304 ;Allocation info for local variables in function 'main'
                                    305 ;------------------------------------------------------------
                                    306 ;	cmp_mix_branch.c:32: int main()
                                    307 ;	-----------------------------------------
                                    308 ;	 function main
                                    309 ;	-----------------------------------------
      00004C                        310 _main:
                                    311 ;	cmp_mix_branch.c:34: return 0;
      00004C 90 00 00         [24]  312 	mov	dptr,#0x0000
                                    313 ;	cmp_mix_branch.c:35: }
      00004F 22               [24]  314 	ret
                                    315 	.area CSEG    (CODE)
                                    316 	.area CONST   (CODE)
                                    317 	.area XINIT   (CODE)
                                    318 	.area CABS    (ABS,CODE)
