BL51 BANKED LINKER/LOCATER V6.22.2.0                                                    04/03/2026  11:40:43  PAGE 1


BL51 BANKED LINKER/LOCATER V6.22.2.0, INVOKED BY:
D:\WS\TEST\C51CC\_TOOLS\KEIL\C51\BIN\BL51.EXE CMP_MIX_BRANCH.OBJ, STARTUP.OBJ, C51S.LIB TO CMP_MIX_BRANCH.ABS


INPUT MODULES INCLUDED:
  CMP_MIX_BRANCH.OBJ (CMP_MIX_BRANCH)
  STARTUP.OBJ (?C_STARTUP)


LINK MAP OF MODULE:  CMP_MIX_BRANCH.ABS (CMP_MIX_BRANCH)


            TYPE    BASE      LENGTH    RELOCATION   SEGMENT NAME
            -----------------------------------------------------

            * * * * * * *   D A T A   M E M O R Y   * * * * * * *
            REG     0000H     0008H     ABSOLUTE     "REG BANK 0"
            IDATA   0008H     0001H     UNIT         ?STACK

            * * * * * * *   C O D E   M E M O R Y   * * * * * * *
            CODE    0000H     0003H     ABSOLUTE     
                    0003H     07FDH                  *** GAP ***
            CODE    0800H     000FH     UNIT         ?PR?_B_LT?CMP_MIX_BRANCH
            CODE    080FH     000FH     UNIT         ?PR?_B_LE?CMP_MIX_BRANCH
            CODE    081EH     000DH     UNIT         ?PR?_LOOP_LT?CMP_MIX_BRANCH
            CODE    082BH     000CH     UNIT         ?C_C51STARTUP
            CODE    0837H     000BH     UNIT         ?PR?_B_EQ?CMP_MIX_BRANCH
            CODE    0842H     000BH     UNIT         ?PR?_B_NE?CMP_MIX_BRANCH
            CODE    084DH     0004H     UNIT         ?PR?MAIN?CMP_MIX_BRANCH

******************************************************************************
* RESTRICTED VERSION WITH 0800H BYTE CODE SIZE LIMIT; USED: 0054H BYTE ( 4%) *
******************************************************************************

Program Size: data=9.0 xdata=0 code=84
LINK/LOCATE RUN COMPLETE.  0 WARNING(S),  0 ERROR(S)
