BL51 BANKED LINKER/LOCATER V6.22.2.0                                                    04/03/2026  11:40:45  PAGE 1


BL51 BANKED LINKER/LOCATER V6.22.2.0, INVOKED BY:
D:\WS\TEST\C51CC\_TOOLS\KEIL\C51\BIN\BL51.EXE CMP_SIGNED_INT.OBJ, STARTUP.OBJ, C51S.LIB TO CMP_SIGNED_INT.ABS


INPUT MODULES INCLUDED:
  CMP_SIGNED_INT.OBJ (CMP_SIGNED_INT)
  STARTUP.OBJ (?C_STARTUP)


LINK MAP OF MODULE:  CMP_SIGNED_INT.ABS (CMP_SIGNED_INT)


            TYPE    BASE      LENGTH    RELOCATION   SEGMENT NAME
            -----------------------------------------------------

            * * * * * * *   D A T A   M E M O R Y   * * * * * * *
            REG     0000H     0008H     ABSOLUTE     "REG BANK 0"
            IDATA   0008H     0001H     UNIT         ?STACK

            * * * * * * *   C O D E   M E M O R Y   * * * * * * *
            CODE    0000H     0003H     ABSOLUTE     
                    0003H     07FDH                  *** GAP ***
            CODE    0800H     0015H     UNIT         ?PR?_CMP_SIGNED_LT?CMP_SIGNED_INT
            CODE    0815H     0015H     UNIT         ?PR?_CMP_SIGNED_LE?CMP_SIGNED_INT
            CODE    082AH     0015H     UNIT         ?PR?_CMP_SIGNED_GT?CMP_SIGNED_INT
            CODE    083FH     0015H     UNIT         ?PR?_CMP_SIGNED_GE?CMP_SIGNED_INT
            CODE    0854H     0012H     UNIT         ?PR?_CMP_SIGNED_EQ?CMP_SIGNED_INT
            CODE    0866H     0010H     UNIT         ?PR?_CMP_SIGNED_NE?CMP_SIGNED_INT
            CODE    0876H     000CH     UNIT         ?C_C51STARTUP
            CODE    0882H     0004H     UNIT         ?PR?MAIN?CMP_SIGNED_INT

******************************************************************************
* RESTRICTED VERSION WITH 0800H BYTE CODE SIZE LIMIT; USED: 0089H BYTE ( 6%) *
******************************************************************************

Program Size: data=9.0 xdata=0 code=137
LINK/LOCATE RUN COMPLETE.  0 WARNING(S),  0 ERROR(S)
